../Core/Src/main.c:89:5:_write	8	static
../Core/Src/main.c:99:7:correction	0	static
../Core/Src/main.c:105:7:estimate_ttc	40	static
../Core/Src/main.c:127:6:init_movement	48	static
../Core/Src/main.c:184:6:reset_motor	16	static
../Core/Src/main.c:202:15:calculate_auto_reload	16	static
../Core/Src/main.c:400:6:SystemClock_Config	88	static,ignoring_inline_asm
../Core/Src/main.c:295:5:main	144	static,ignoring_inline_asm
../Core/Src/main.c:721:6:HAL_UARTEx_RxEventCallback	0	static
../Core/Src/main.c:734:6:HAL_TIM_PeriodElapsedCallback	8	static
../Core/Src/main.c:751:6:Error_Handler	0	static,ignoring_inline_asm
