../Core/Src/stm32f4xx_hal_msp.c:66:6:HAL_MspInit	8	static
../Core/Src/stm32f4xx_hal_msp.c:90:6:HAL_TIM_OC_MspInit	24	static
../Core/Src/stm32f4xx_hal_msp.c:143:6:HAL_TIM_Base_MspInit	8	static
../Core/Src/stm32f4xx_hal_msp.c:159:6:HAL_TIM_MspPostInit	40	static
../Core/Src/stm32f4xx_hal_msp.c:232:6:HAL_TIM_OC_MspDeInit	0	static
../Core/Src/stm32f4xx_hal_msp.c:285:6:HAL_TIM_Base_MspDeInit	0	static
../Core/Src/stm32f4xx_hal_msp.c:307:6:HAL_UART_MspInit	48	static
../Core/Src/stm32f4xx_hal_msp.c:365:6:HAL_UART_MspDeInit	8	static
