../Core/Src/main.c:87:5:_write	24	static
../Core/Src/main.c:103:6:init_movement	32	static
../Core/Src/main.c:160:6:reset_motor	24	static
../Core/Src/main.c:178:15:calculate_auto_reload	24	static
../Core/Src/main.c:253:5:main	40	static
../Core/Src/main.c:346:6:SystemClock_Config	88	static
../Core/Src/main.c:391:13:MX_TIM2_Init	48	static
../Core/Src/main.c:440:13:MX_TIM3_Init	48	static
../Core/Src/main.c:489:13:MX_TIM4_Init	48	static
../Core/Src/main.c:538:13:MX_USART2_UART_Init	8	static
../Core/Src/main.c:569:13:MX_DMA_Init	16	static
../Core/Src/main.c:587:13:MX_GPIO_Init	48	static
../Core/Src/main.c:622:6:HAL_UARTEx_RxEventCallback	16	static
../Core/Src/main.c:635:6:HAL_TIM_PeriodElapsedCallback	24	static
../Core/Src/main.c:652:6:Error_Handler	4	static,ignoring_inline_asm
