../Core/Src/main.c:89:5:_write	24	static
../Core/Src/main.c:99:7:correction	24	static
../Core/Src/main.c:105:7:estimate_ttc	40	static
../Core/Src/main.c:127:6:init_movement	64	static
../Core/Src/main.c:184:6:reset_motor	24	static
../Core/Src/main.c:202:15:calculate_auto_reload	24	static
../Core/Src/main.c:295:5:main	72	static
../Core/Src/main.c:400:6:SystemClock_Config	88	static
../Core/Src/main.c:445:13:MX_TIM2_Init	48	static
../Core/Src/main.c:494:13:MX_TIM3_Init	48	static
../Core/Src/main.c:543:13:MX_TIM4_Init	48	static
../Core/Src/main.c:592:13:MX_TIM5_Init	32	static
../Core/Src/main.c:637:13:MX_USART2_UART_Init	8	static
../Core/Src/main.c:668:13:MX_DMA_Init	16	static
../Core/Src/main.c:686:13:MX_GPIO_Init	48	static
../Core/Src/main.c:721:6:HAL_UARTEx_RxEventCallback	16	static
../Core/Src/main.c:734:6:HAL_TIM_PeriodElapsedCallback	24	static
../Core/Src/main.c:751:6:Error_Handler	4	static,ignoring_inline_asm
